// Jest Snapshot v1, https://goo.gl/fbAQLP

exports[`TextInput component should match snapshot 1`] = `
<div
  className="sc-bdVaJa ibpmVy"
>
  <div
    className="sc-bwzfXH hTErTh"
  >
    <input
      className="sc-bxivhb kIdduM"
      name="nameMock"
      onChange={[Function]}
      required={true}
      type="text"
    />
    <label
      className="sc-htpNat iUdHjJ"
      htmlFor="nameMock"
    >
      labelMock
    </label>
  </div>
</div>
`;
