// Jest Snapshot v1, https://goo.gl/fbAQLP

exports[`UserInfo component should match snapshot with all user data 1`] = `
<section>
  <div
    className="sc-bxivhb dhUpOj"
  >
    <img
      alt="user avatar"
      className="sc-ifAKCX eyjnnY"
      src="avatar_url"
    />
  </div>
  <div
    className="sc-bdVaJa csdvoq"
    is={null}
  >
    <ul>
      <li
        className="sc-EHOje kLGaUO"
      >
        <h3
          className="sc-bZQynM eycCXF"
        >
          Username:
        </h3>
        <p
          className="sc-gzVnrw hoHArn"
        >
          <a
            href="html_url"
            target="_blank"
          >
            login
          </a>
        </p>
      </li>
      <li
        className="sc-EHOje kLGaUO"
      >
        <h3
          className="sc-bZQynM eycCXF"
        >
          Followers:
        </h3>
        <p
          className="sc-gzVnrw hoHArn"
        >
          34
        </p>
      </li>
      <li
        className="sc-EHOje kLGaUO"
      >
        <h3
          className="sc-bZQynM eycCXF"
        >
          Following:
        </h3>
        <p
          className="sc-gzVnrw hoHArn"
        >
          23
        </p>
      </li>
      <li
        className="sc-EHOje kLGaUO"
      >
        <h3
          className="sc-bZQynM eycCXF"
        >
          Bio:
        </h3>
        <p
          className="sc-gzVnrw hoHArn"
        >
          bio
        </p>
      </li>
      <li
        className="sc-EHOje kLGaUO"
      >
        <h3
          className="sc-bZQynM eycCXF"
        >
          Email:
        </h3>
        <p
          className="sc-gzVnrw hoHArn"
        >
          email
        </p>
      </li>
    </ul>
  </div>
</section>
`;
